2026-08-06 20:43:49.357 SAST [17040] LOG:  starting PostgreSQL 14.22, compiled by Visual C++ build 1944, 64-bit
2026-08-06 20:43:49.359 SAST [17040] LOG:  listening on IPv4 address "127.0.0.1", port 55448
2026-08-06 20:43:49.420 SAST [17592] LOG:  database system was shut down at 2026-08-06 20:43:01 SAST
2026-08-06 20:43:49.501 SAST [17040] LOG:  database system is ready to accept connections
2026-08-06 20:44:23.328 SAST [24540] LOG:  could not receive data from client: An existing connection was forcibly closed by the remote host.
	
2026-08-06 20:50:19.732 SAST [5132] LOG:  could not receive data from client: An existing connection was forcibly closed by the remote host.
	
2026-08-06 20:50:19.732 SAST [9172] LOG:  could not receive data from client: An existing connection was forcibly closed by the remote host.
	
2026-08-06 20:53:18.995 SAST [24900] LOG:  could not receive data from client: An existing connection was forcibly closed by the remote host.
	
2026-08-06 20:53:18.995 SAST [21744] LOG:  could not receive data from client: An existing connection was forcibly closed by the remote host.
	
2026-08-06 20:53:19.001 SAST [11280] LOG:  could not receive data from client: An existing connection was forcibly closed by the remote host.
	
2026-08-06 20:53:19.012 SAST [9108] LOG:  could not receive data from client: An existing connection was forcibly closed by the remote host.
	
2026-08-06 20:53:19.012 SAST [24988] LOG:  could not receive data from client: An existing connection was forcibly closed by the remote host.
	
2026-08-06 20:53:19.012 SAST [16456] LOG:  could not receive data from client: An existing connection was forcibly closed by the remote host.
	
2026-08-06 21:02:16.182 SAST [23384] LOG:  could not receive data from client: An existing connection was forcibly closed by the remote host.
	
2026-08-06 21:02:16.185 SAST [21712] LOG:  could not receive data from client: An existing connection was forcibly closed by the remote host.
	
2026-08-06 21:21:15.581 SAST [17576] LOG:  could not send data to client: An existing connection was forcibly closed by the remote host.
	
2026-08-06 21:21:15.582 SAST [17576] FATAL:  connection to client lost
2026-08-06 21:21:22.135 SAST [23040] LOG:  could not receive data from client: An existing connection was forcibly closed by the remote host.
	
2026-08-06 21:28:45.108 SAST [16072] LOG:  could not send data to client: An existing connection was forcibly closed by the remote host.
	
2026-08-06 21:28:45.108 SAST [16072] FATAL:  connection to client lost
2026-08-06 21:28:51.573 SAST [1952] LOG:  could not receive data from client: An existing connection was forcibly closed by the remote host.
	
2026-08-06 21:30:15.514 SAST [19000] LOG:  could not receive data from client: An existing connection was forcibly closed by the remote host.
	
2026-08-06 21:30:15.514 SAST [23984] LOG:  could not receive data from client: An existing connection was forcibly closed by the remote host.
	
