
> rest-express@1.0.0 dev
> tsx server/index.ts

{"timestamp":"2026-07-29T10:51:09.121Z","level":"info","message":"Database pool initialized","meta":{"runtimeProfile":"development","ssl":false,"disposableTestDatabase":true}}
No email credentials found; using local JSON email transport.
{"timestamp":"2026-07-29T10:51:16.522Z","level":"info","message":"Database connection successful","meta":{"build":{"version":"1.0.0","commitSha":null,"buildId":null,"builtAt":null,"runtimeProfile":"development","deploymentMode":"development"}}}
Session table (connect-pg-simple) ready
Initializing database schema...
Session table (connect-pg-simple) ready
Tenant security and audit chain columns ready
categories.organization_id column and index ready
departments.organization_id column and index ready
carriers.organization_id column and index ready
warehouses.organization_id column and index ready
inventory_items.organization_id column and index ready
suppliers.organization_id column and index ready
app_settings.organization_id column and index ready
reorder_requests.organization_id column and index ready
purchase_requisitions.organization_id column and index ready
purchase_orders.organization_id column and index ready
inventory_serials.organization_id column and index ready
custom_roles.organization_id column and index ready
Purchase requisitions tables ready
Professional supply chain tables and columns ready
Strategic sourcing tables ready
Database already initialized with tables existing
{"timestamp":"2026-07-29T10:51:17.134Z","level":"info","message":"Database seed check completed","meta":{"seeded":false}}
{"timestamp":"2026-07-29T10:51:17.225Z","level":"info","message":"Development bootstrap completed","meta":{"opSeed":{"purchaseOrders":1091,"shipments":157,"exceptions":172,"integrationRuns":15,"activity":1694}}}
WebSocket server initialized for inventory sync
Real-time sync WebSocket service initialized
WebSocket servers initialized for real-time inventory synchronization
{"timestamp":"2026-07-29T10:51:17.254Z","level":"info","message":"Export worker started"}
{"timestamp":"2026-07-29T10:51:17.323Z","level":"info","message":"Setting up low stock alert checks","meta":{"checkFrequencyMinutes":30}}
Running scheduled low stock check...
Found 116 items with low stock

============================================================================
  ISSSourcing — web app (API + static/Vite)
  Browser URL:  http://127.0.0.1:5052
  Port:         5052   (set PORT in .env to change; default 5000)
  Health check: http://127.0.0.1:5052/api/ready
  URL file:     C:\Users\USER-PC\OneDrive\Documents\GITHUB REPO\ISSSourcing\.local-dev-url  (gitignored, for copy/paste)
============================================================================

12:51:17 PM [express] serving on 127.0.0.1:5052
12:51:17 PM [express] Startup URL (local): http://127.0.0.1:5052
12:51:17 PM [express] WebSocket server for real-time inventory sync is active
{"timestamp":"2026-07-29T10:51:17.487Z","level":"info","message":"Server listening","meta":{"host":"127.0.0.1","port":5052,"build":{"version":"1.0.0","commitSha":null,"buildId":null,"builtAt":null,"runtimeProfile":"development","deploymentMode":"development"},"runtimeProfile":"development"}}
{"timestamp":"2026-07-29T10:51:21.514Z","level":"info","message":"HTTP request completed","meta":{"requestId":"e6e857a8-1215-483e-bf18-6b87fa48c907","method":"GET","route":"/api/ready","status":200,"durationMs":23,"orgId":null,"userId":null,"errorCode":null}}
{"timestamp":"2026-07-29T10:51:21.821Z","level":"info","message":"HTTP request completed","meta":{"requestId":"c16ac279-1eb2-48cf-b5b5-4f2dddf8f493","method":"GET","route":"/api/ready","status":200,"durationMs":7,"orgId":null,"userId":null,"errorCode":null}}
{"timestamp":"2026-07-29T10:51:21.840Z","level":"info","message":"HTTP request completed","meta":{"requestId":"2f3b18b6-c925-4220-87f9-d54a5df9cd83","method":"GET","route":"/api/csrf-token","status":200,"durationMs":8,"orgId":null,"userId":null,"errorCode":null}}
{"timestamp":"2026-07-29T10:51:21.963Z","level":"info","message":"HTTP request completed","meta":{"requestId":"f5c3de3a-fc2b-4b40-92d4-97a58e9d50f8","method":"POST","route":"/api/auth/login","status":200,"durationMs":118,"orgId":null,"userId":1,"errorCode":null}}
{"timestamp":"2026-07-29T10:51:21.972Z","level":"info","message":"HTTP request completed","meta":{"requestId":"99d047d1-9dd2-4404-934e-907c7bd59c53","method":"GET","route":"/api/csrf-token","status":200,"durationMs":8,"orgId":null,"userId":1,"errorCode":null}}
{"timestamp":"2026-07-29T10:51:22.093Z","level":"info","message":"HTTP request completed","meta":{"requestId":"fe4c52eb-8a5a-43ac-97eb-64c01e445d04","method":"POST","route":"/api/reports/preview","status":200,"durationMs":118,"orgId":null,"userId":1,"errorCode":null}}
Cleanup complete. Active clients: 0
Cleanup complete. Active clients: 0
Cleanup complete. Active clients: 0
Cleanup complete. Active clients: 0
Cleanup complete. Active clients: 0
Cleanup complete. Active clients: 0
Running scheduled low stock check...
Found 117 items with low stock
Cleanup complete. Active clients: 0
Cleanup complete. Active clients: 0
Cleanup complete. Active clients: 0
Cleanup complete. Active clients: 0
Cleanup complete. Active clients: 0
Running scheduled low stock check...
Found 117 items with low stock
Cleanup complete. Active clients: 0
Cleanup complete. Active clients: 0
Cleanup complete. Active clients: 0
Cleanup complete. Active clients: 0
Cleanup complete. Active clients: 0
Cleanup complete. Active clients: 0
Running scheduled low stock check...
Found 117 items with low stock
Cleanup complete. Active clients: 0
Cleanup complete. Active clients: 0
Cleanup complete. Active clients: 0
Cleanup complete. Active clients: 0
Cleanup complete. Active clients: 0
Cleanup complete. Active clients: 0
Running scheduled low stock check...
Found 117 items with low stock
Cleanup complete. Active clients: 0
Cleanup complete. Active clients: 0
Cleanup complete. Active clients: 0
Cleanup complete. Active clients: 0
Cleanup complete. Active clients: 0
Cleanup complete. Active clients: 0
Running scheduled low stock check...
Found 117 items with low stock
Cleanup complete. Active clients: 0
Cleanup complete. Active clients: 0
Cleanup complete. Active clients: 0
Cleanup complete. Active clients: 0
Cleanup complete. Active clients: 0
Cleanup complete. Active clients: 0
Running scheduled low stock check...
Found 117 items with low stock
Cleanup complete. Active clients: 0
Cleanup complete. Active clients: 0
Cleanup complete. Active clients: 0
Cleanup complete. Active clients: 0
Cleanup complete. Active clients: 0
Cleanup complete. Active clients: 0
Running scheduled low stock check...
Found 117 items with low stock
Cleanup complete. Active clients: 0
Cleanup complete. Active clients: 0
Cleanup complete. Active clients: 0
Cleanup complete. Active clients: 0
Cleanup complete. Active clients: 0
Cleanup complete. Active clients: 0
Running scheduled low stock check...
Found 117 items with low stock
Cleanup complete. Active clients: 0
Cleanup complete. Active clients: 0
Cleanup complete. Active clients: 0
Cleanup complete. Active clients: 0
Cleanup complete. Active clients: 0
Cleanup complete. Active clients: 0
Running scheduled low stock check...
Found 117 items with low stock
Cleanup complete. Active clients: 0
Cleanup complete. Active clients: 0
Cleanup complete. Active clients: 0
Cleanup complete. Active clients: 0
Cleanup complete. Active clients: 0
Cleanup complete. Active clients: 0
Running scheduled low stock check...
Found 117 items with low stock
Cleanup complete. Active clients: 0
Cleanup complete. Active clients: 0
Cleanup complete. Active clients: 0
Cleanup complete. Active clients: 0
Cleanup complete. Active clients: 0
Cleanup complete. Active clients: 0
Running scheduled low stock check...
Found 117 items with low stock
Cleanup complete. Active clients: 0
Cleanup complete. Active clients: 0
Cleanup complete. Active clients: 0
