
> rest-express@1.0.0 dev
> tsx server/index.ts

{"timestamp":"2026-07-29T10:52:11.632Z","level":"info","message":"Database pool initialized","meta":{"runtimeProfile":"development","ssl":false,"disposableTestDatabase":true}}
No email credentials found; using local JSON email transport.
{"timestamp":"2026-07-29T10:52:17.932Z","level":"info","message":"Database connection successful","meta":{"build":{"version":"1.0.0","commitSha":null,"buildId":null,"builtAt":null,"runtimeProfile":"development","deploymentMode":"development"}}}
Session table (connect-pg-simple) ready
Initializing database schema...
Session table (connect-pg-simple) ready
Tenant security and audit chain columns ready
categories.organization_id column and index ready
departments.organization_id column and index ready
carriers.organization_id column and index ready
warehouses.organization_id column and index ready
inventory_items.organization_id column and index ready
suppliers.organization_id column and index ready
app_settings.organization_id column and index ready
reorder_requests.organization_id column and index ready
purchase_requisitions.organization_id column and index ready
purchase_orders.organization_id column and index ready
inventory_serials.organization_id column and index ready
custom_roles.organization_id column and index ready
Purchase requisitions tables ready
Professional supply chain tables and columns ready
Strategic sourcing tables ready
Database already initialized with tables existing
{"timestamp":"2026-07-29T10:52:18.437Z","level":"info","message":"Database seed check completed","meta":{"seeded":false}}
{"timestamp":"2026-07-29T10:52:18.534Z","level":"info","message":"Development bootstrap completed","meta":{"opSeed":{"purchaseOrders":1091,"shipments":157,"exceptions":172,"integrationRuns":15,"activity":1694}}}
WebSocket server initialized for inventory sync
Real-time sync WebSocket service initialized
WebSocket servers initialized for real-time inventory synchronization
{"timestamp":"2026-07-29T10:52:18.567Z","level":"info","message":"Export worker started"}
{"timestamp":"2026-07-29T10:52:18.635Z","level":"info","message":"Setting up low stock alert checks","meta":{"checkFrequencyMinutes":30}}
Running scheduled low stock check...
Found 116 items with low stock

============================================================================
  ISSSourcing — web app (API + static/Vite)
  Browser URL:  http://127.0.0.1:5053
  Port:         5053   (set PORT in .env to change; default 5000)
  Health check: http://127.0.0.1:5053/api/ready
  URL file:     C:\Users\USER-PC\OneDrive\Documents\GITHUB REPO\ISSSourcing\.local-dev-url  (gitignored, for copy/paste)
============================================================================

12:52:18 PM [express] serving on 127.0.0.1:5053
12:52:18 PM [express] Startup URL (local): http://127.0.0.1:5053
12:52:18 PM [express] WebSocket server for real-time inventory sync is active
{"timestamp":"2026-07-29T10:52:18.796Z","level":"info","message":"Server listening","meta":{"host":"127.0.0.1","port":5053,"build":{"version":"1.0.0","commitSha":null,"buildId":null,"builtAt":null,"runtimeProfile":"development","deploymentMode":"development"},"runtimeProfile":"development"}}
{"timestamp":"2026-07-29T10:52:22.544Z","level":"info","message":"HTTP request completed","meta":{"requestId":"5b5b93ee-b26f-4ca0-95bc-f74bc8a018a3","method":"GET","route":"/api/ready","status":200,"durationMs":34,"orgId":null,"userId":null,"errorCode":null}}
{"timestamp":"2026-07-29T10:52:22.931Z","level":"info","message":"HTTP request completed","meta":{"requestId":"6c75ae10-18cb-4a44-852b-33611f5d8f7a","method":"GET","route":"/api/ready","status":200,"durationMs":9,"orgId":null,"userId":null,"errorCode":null}}
{"timestamp":"2026-07-29T10:52:22.958Z","level":"info","message":"HTTP request completed","meta":{"requestId":"1576ac4b-4f0e-4fb2-b5ab-9b197511220b","method":"GET","route":"/api/csrf-token","status":200,"durationMs":11,"orgId":null,"userId":null,"errorCode":null}}
{"timestamp":"2026-07-29T10:52:23.107Z","level":"info","message":"HTTP request completed","meta":{"requestId":"47f3fd02-58f9-42da-978b-16e42423c9e2","method":"POST","route":"/api/auth/login","status":200,"durationMs":140,"orgId":null,"userId":1,"errorCode":null}}
{"timestamp":"2026-07-29T10:52:23.120Z","level":"info","message":"HTTP request completed","meta":{"requestId":"cfe3e84d-d916-44e8-8eac-9c257ca8a760","method":"GET","route":"/api/csrf-token","status":200,"durationMs":10,"orgId":null,"userId":1,"errorCode":null}}
{"timestamp":"2026-07-29T10:52:23.250Z","level":"info","message":"HTTP request completed","meta":{"requestId":"63fb4fb2-6b38-47dc-93d7-036722af427e","method":"POST","route":"/api/reports/preview","status":200,"durationMs":128,"orgId":null,"userId":1,"errorCode":null}}
Cleanup complete. Active clients: 0
Cleanup complete. Active clients: 0
Cleanup complete. Active clients: 0
Cleanup complete. Active clients: 0
Cleanup complete. Active clients: 0
Cleanup complete. Active clients: 0
Running scheduled low stock check...
Found 117 items with low stock
Cleanup complete. Active clients: 0
Cleanup complete. Active clients: 0
Cleanup complete. Active clients: 0
Cleanup complete. Active clients: 0
Cleanup complete. Active clients: 0
Cleanup complete. Active clients: 0
Running scheduled low stock check...
Found 117 items with low stock
Cleanup complete. Active clients: 0
Cleanup complete. Active clients: 0
Cleanup complete. Active clients: 0
Cleanup complete. Active clients: 0
Cleanup complete. Active clients: 0
Running scheduled low stock check...
Found 117 items with low stock
Cleanup complete. Active clients: 0
Cleanup complete. Active clients: 0
Cleanup complete. Active clients: 0
Cleanup complete. Active clients: 0
Cleanup complete. Active clients: 0
Cleanup complete. Active clients: 0
Running scheduled low stock check...
Found 117 items with low stock
Cleanup complete. Active clients: 0
Cleanup complete. Active clients: 0
Cleanup complete. Active clients: 0
Cleanup complete. Active clients: 0
Cleanup complete. Active clients: 0
Cleanup complete. Active clients: 0
Running scheduled low stock check...
Found 117 items with low stock
Cleanup complete. Active clients: 0
Cleanup complete. Active clients: 0
Cleanup complete. Active clients: 0
Cleanup complete. Active clients: 0
Cleanup complete. Active clients: 0
Cleanup complete. Active clients: 0
Running scheduled low stock check...
Found 117 items with low stock
Cleanup complete. Active clients: 0
Cleanup complete. Active clients: 0
Cleanup complete. Active clients: 0
Cleanup complete. Active clients: 0
Cleanup complete. Active clients: 0
Cleanup complete. Active clients: 0
Running scheduled low stock check...
Found 117 items with low stock
Cleanup complete. Active clients: 0
Cleanup complete. Active clients: 0
Cleanup complete. Active clients: 0
Cleanup complete. Active clients: 0
Cleanup complete. Active clients: 0
Cleanup complete. Active clients: 0
Running scheduled low stock check...
Found 117 items with low stock
Cleanup complete. Active clients: 0
Cleanup complete. Active clients: 0
Cleanup complete. Active clients: 0
Cleanup complete. Active clients: 0
Cleanup complete. Active clients: 0
Cleanup complete. Active clients: 0
Running scheduled low stock check...
Found 117 items with low stock
Cleanup complete. Active clients: 0
Cleanup complete. Active clients: 0
Cleanup complete. Active clients: 0
Cleanup complete. Active clients: 0
Cleanup complete. Active clients: 0
Cleanup complete. Active clients: 0
Running scheduled low stock check...
Found 117 items with low stock
Cleanup complete. Active clients: 0
Cleanup complete. Active clients: 0
Cleanup complete. Active clients: 0
Cleanup complete. Active clients: 0
Cleanup complete. Active clients: 0
Cleanup complete. Active clients: 0
Running scheduled low stock check...
Found 117 items with low stock
Cleanup complete. Active clients: 0
Cleanup complete. Active clients: 0
Cleanup complete. Active clients: 0
